[INFO] Scanning for projects...
[INFO] 
[INFO] ---------------------< com.neotokyo:ai-protocols >----------------------
[INFO] Building AI Protocols 1.0.0
[INFO]   from pom.xml
[INFO] --------------------------------[ jar ]---------------------------------
[INFO] 
[INFO] >>> spring-boot:3.2.0:run (default-cli) > test-compile @ ai-protocols >>>
[INFO] 
[INFO] --- resources:3.3.1:resources (default-resources) @ ai-protocols ---
[INFO] Copying 1 resource from src/main/resources to target/classes
[INFO] Copying 0 resource from src/main/resources to target/classes
[INFO] 
[INFO] --- compiler:3.11.0:compile (default-compile) @ ai-protocols ---
[INFO] Nothing to compile - all classes are up to date
[INFO] 
[INFO] --- resources:3.3.1:testResources (default-testResources) @ ai-protocols ---
[INFO] skip non existing resourceDirectory /mnt/d/FELIPE/Ícones/Felipe/CURSOS/OneBitCode/Aulas e Exercícios/Desafios OnebitCode/protocolos-mente-sintetica/backend/src/test/resources
[INFO] 
[INFO] --- compiler:3.11.0:testCompile (default-testCompile) @ ai-protocols ---
[INFO] No sources to compile
[INFO] 
[INFO] <<< spring-boot:3.2.0:run (default-cli) < test-compile @ ai-protocols <<<
[INFO] 
[INFO] 
[INFO] --- spring-boot:3.2.0:run (default-cli) @ ai-protocols ---
[INFO] Attaching agents: []

  .   ____          _            __ _ _
 /\\ / ___'_ __ _ _(_)_ __  __ _ \ \ \ \
( ( )\___ | '_ | '_| | '_ \/ _` | \ \ \ \
 \\/  ___)| |_)| | | | | || (_| |  ) ) ) )
  '  |____| .__|_| |_|_| |_\__, | / / / /
 =========|_|==============|___/=/_/_/_/
 :: Spring Boot ::                (v3.2.0)

2025-11-18T09:43:10.135-03:00  INFO 2588 --- [ai-protocols] [  restartedMain] com.neotokyo.ai.AiApplication            : Starting AiApplication using Java 17.0.9 with PID 2588 (/mnt/d/FELIPE/Ícones/Felipe/CURSOS/OneBitCode/Aulas e Exercícios/Desafios OnebitCode/protocolos-mente-sintetica/backend/target/classes started by root in /mnt/d/FELIPE/Ícones/Felipe/CURSOS/OneBitCode/Aulas e Exercícios/Desafios OnebitCode/protocolos-mente-sintetica/backend)
2025-11-18T09:43:10.142-03:00  INFO 2588 --- [ai-protocols] [  restartedMain] com.neotokyo.ai.AiApplication            : No active profile set, falling back to 1 default profile: "default"
2025-11-18T09:43:10.307-03:00  INFO 2588 --- [ai-protocols] [  restartedMain] .e.DevToolsPropertyDefaultsPostProcessor : Devtools property defaults active! Set 'spring.devtools.add-properties' to 'false' to disable
2025-11-18T09:43:10.307-03:00  INFO 2588 --- [ai-protocols] [  restartedMain] .e.DevToolsPropertyDefaultsPostProcessor : For additional web related logging consider setting the 'logging.level.web' property to 'DEBUG'
2025-11-18T09:43:14.109-03:00  INFO 2588 --- [ai-protocols] [  restartedMain] o.s.b.w.embedded.tomcat.TomcatWebServer  : Tomcat initialized with port 8080 (http)
2025-11-18T09:43:14.146-03:00  INFO 2588 --- [ai-protocols] [  restartedMain] o.apache.catalina.core.StandardService   : Starting service [Tomcat]
2025-11-18T09:43:14.147-03:00  INFO 2588 --- [ai-protocols] [  restartedMain] o.apache.catalina.core.StandardEngine    : Starting Servlet engine: [Apache Tomcat/10.1.16]
2025-11-18T09:43:14.283-03:00  INFO 2588 --- [ai-protocols] [  restartedMain] o.a.c.c.C.[Tomcat].[localhost].[/]       : Initializing Spring embedded WebApplicationContext
2025-11-18T09:43:14.284-03:00  INFO 2588 --- [ai-protocols] [  restartedMain] w.s.c.ServletWebServerApplicationContext : Root WebApplicationContext: initialization completed in 3974 ms
2025-11-18T09:43:15.983-03:00  INFO 2588 --- [ai-protocols] [  restartedMain] o.s.b.d.a.OptionalLiveReloadServer       : LiveReload server is running on port 35729
2025-11-18T09:43:16.044-03:00  INFO 2588 --- [ai-protocols] [  restartedMain] o.s.b.w.embedded.tomcat.TomcatWebServer  : Tomcat started on port 8080 (http) with context path ''
2025-11-18T09:43:16.057-03:00  INFO 2588 --- [ai-protocols] [  restartedMain] com.neotokyo.ai.AiApplication            : Started AiApplication in 7.483 seconds (process running for 8.6)

╔════════════════════════════════════════════╗
║   NEO-TOKYO AI PROTOCOLS SYSTEM ONLINE    ║
║   Backend running on: http://localhost:8080 ║
╚════════════════════════════════════════════╝

2025-11-18T09:45:19.635-03:00  INFO 2588 --- [ai-protocols] [nio-8080-exec-1] o.a.c.c.C.[Tomcat].[localhost].[/]       : Initializing Spring DispatcherServlet 'dispatcherServlet'
2025-11-18T09:45:19.636-03:00  INFO 2588 --- [ai-protocols] [nio-8080-exec-1] o.s.web.servlet.DispatcherServlet        : Initializing Servlet 'dispatcherServlet'
2025-11-18T09:45:19.639-03:00  INFO 2588 --- [ai-protocols] [nio-8080-exec-1] o.s.web.servlet.DispatcherServlet        : Completed initialization in 2 ms
